[www.nutritionpersonalized.com/index.html]
[backblue.gif]
[fade.gif]
[index.html]
[nutritionpersonalized.com/uploads/3/6/5/3/3653129/1452290434.jpg]
[nutritionpersonalized.com/uploads/3/6/5/3/3653129/4181555f4b9.jpg]
[nutritionpersonalized.com/uploads/3/6/5/3/3653129/7289808ec89.jpg]
[www.nutritionpersonalized.com/uploads/3/6/5/3/3653129/header_images/1452434290.jpg]
[ajax.googleapis.com/ajax/libs/jquery/1.7.2/jquery.min.js]
[www.nutritionpersonalized.com/files/main_stylefa36.css]
[www.nutritionpersonalized.com/index-2.html]
[www.nutritionpersonalized.com/about-me.html]
[www.nutritionpersonalized.com/publications.html]
[www.nutritionpersonalized.com/consultations.html]
[www.nutritionpersonalized.com/contact.html]
[www.nutritionpersonalized.com/index.html]
[www.nutritionpersonalized.com/forum.html]
[assets.www3.dragndropbuilder.com/images/common/buttons/small_grey9867.png]
[assets.www3.dragndropbuilder.com/images/common/buttons/small_blue9867.png]
[assets.www3.dragndropbuilder.com/images/common/buttons/large_grey9867.png]
[assets.www3.dragndropbuilder.com/images/common/buttons/large_blue9867.png]
[assets.www3.dragndropbuilder.com/css/search_button.png]
[assets.www3.dragndropbuilder.com/images/common/search-light9867.png]
[assets.www3.dragndropbuilder.com/images/common/social_icons9867.png]
[assets.www3.dragndropbuilder.com/images/common/blog/blog-comment-button9867.png]
[assets.www3.dragndropbuilder.com/images/common/blog/blog-comment-header9867.png]
[assets.www3.dragndropbuilder.com/images/common/blog/blog-comment-pointer9867.png]
[assets.www3.dragndropbuilder.com/images/common/blog/blog-comment-link9867.png]
[assets.www3.dragndropbuilder.com/images/common/blog/blog-comment-header-author9867.png]
[assets.www3.dragndropbuilder.com/images/common/blog/blog-comment-pointer-author9867.png]
[assets.www3.dragndropbuilder.com/images/common/blog/blog-comment-field-bg9867.png]
[assets.www3.dragndropbuilder.com/images/common/blog/dark-blog-comment-header9867.png]
[assets.www3.dragndropbuilder.com/images/common/blog/dark-blog-comment-pointer9867.png]
[assets.www3.dragndropbuilder.com/images/common/blog/dark-blog-comment-header-author9867.png]
[assets.www3.dragndropbuilder.com/images/common/blog/dark-blog-comment-pointer-author9867.png]
[assets.www3.dragndropbuilder.com/images/common/blog/dark-blog-comment-link9867.png]
[assets.www3.dragndropbuilder.com/images/util/general/blank4b1d.gif]
[assets.www3.dragndropbuilder.com/images/common/lightbox/prevlabel9867.gif]
[assets.www3.dragndropbuilder.com/images/common/lightbox/nextlabel9867.gif]
[assets.www3.dragndropbuilder.com/sprites/util/inputs/checkmarkBox-s7868418152.png]
[assets.www3.dragndropbuilder.com/sprites/util/inputs/checkmarkBox/@2x-s7c3d71e3ed.png]
[assets.www3.dragndropbuilder.com/css/search-input-bg.png]
[assets.www3.dragndropbuilder.com/images/common/magnifying-glass9867.png]
[assets.www3.dragndropbuilder.com/images/common/search-pagination-bg9867.png]
[assets.www3.dragndropbuilder.com/images/util/general/top-triangle-0004b1d.png]
[assets.www3.dragndropbuilder.com/images/util/general/bottom-triangle-0004b1d.png]
[assets.www3.dragndropbuilder.com/images/util/general/top-triangle-000@2x4b1d.png]
[assets.www3.dragndropbuilder.com/images/util/general/bottom-triangle-000@2x4b1d.png]
[assets.www3.dragndropbuilder.com/images/util/loading-white-w244b1d.gif]
[assets.www3.dragndropbuilder.com/images/util/shopping-cart-white4b1d.png]
[assets.www3.dragndropbuilder.com/images/site/checkout/print4b1d.png]
[assets.www3.dragndropbuilder.com/images/site/checkout/print@2x4b1d.png]
[assets.www3.dragndropbuilder.com/images/util/ui-form/select24b1d.png]
[assets.www3.dragndropbuilder.com/images/util/ui-form/select2-spinner4b1d.gif]
[assets.www3.dragndropbuilder.com/images/util/ui-form/select2x24b1d.png]
[assets.www3.dragndropbuilder.com/images/util/spinner/spinner-dark4b1d.png]
[assets.www3.dragndropbuilder.com/images/util/spinner/spinner-light4b1d.png]
[assets.www3.dragndropbuilder.com/images/util/ui-form/selectbox-arrow-light4b1d.png]
[assets.www3.dragndropbuilder.com/images/util/ui-form/selectbox-bg-dark4b1d.png]
[assets.www3.dragndropbuilder.com/images/util/ui-form/selectbox-arrow-dark4b1d.png]
[assets.www3.dragndropbuilder.com/images/common/form_input_bg9867.gif]
[assets.www3.dragndropbuilder.com/images/blank9867.gif]
[assets.www3.dragndropbuilder.com/css/sitesc33f.css]
[www3.dragndropbuilder.com/editor/libraries/fancybox/fancybox_sprite.png]
[www3.dragndropbuilder.com/editor/libraries/fancybox/fancybox_loading.gif]
[www3.dragndropbuilder.com/editor/libraries/fancybox/blank.gif]
[www3.dragndropbuilder.com/editor/libraries/fancybox/fancybox_overlay.png]
[www3.dragndropbuilder.com/editor/libraries/fancybox/fancybox8e4c.css]
[www.nutritionpersonalized.com/files/theme/body-bg-blue0523.png]
[www.nutritionpersonalized.com/files/theme/banner-shadow0523.png]
[www.nutritionpersonalized.com/files/theme/social-blue0523.png]
[www.nutritionpersonalized.com/files/theme/input-bg-blue0523.png]
[www.nutritionpersonalized.com/files/theme/submit-bg-blue0523.png]
[www.nutritionpersonalized.com/files/theme/banner-shadow-landing0523.png]
[www.nutritionpersonalized.com/files/theme/banner-landing0523.jpg]
[www.nutritionpersonalized.com/files/theme/banner-tall0523.jpg]
[www.nutritionpersonalized.com/files/theme/banner-short0523.jpg]
[www.nutritionpersonalized.com/files/theme/banner-splash-bg0523.html]
[www.nutritionpersonalized.com/files/theme/banner-splash0523.html]
[www.nutritionpersonalized.com/files/theme/field0523.png]
[www.nutritionpersonalized.com/files/theme/button_blue0523.png]
[www.nutritionpersonalized.com/files/theme/button_large_blue0523.png]
[www.nutritionpersonalized.com/files/theme/button_large_highlight0523.png]
[www.nutritionpersonalized.com/files/theme/button_highlight0523.png]
[www.nutritionpersonalized.com/files/main_stylefa36.css]
[assets.www3.dragndropbuilder.com/js/site/mainc33f.js]
[www.nutritionpersonalized.com/AppleWebKit/index.html]
[www.nutritionpersonalized.com/index-2.html]
[www.nutritionpersonalized.com/Mobile/index.html]
[nutritionpersonalized.com/uploads/3/6/5/3/3653129/8010079a8c8.jpg]
[www.nutritionpersonalized.com/about-me.html]
[nutritionpersonalized.com/uploads/3/6/5/3/3653129/9277714bcd7.jpg]
[www.nutritionpersonalized.com/uploads/3/6/5/3/3653129/header_images/1452435163.jpg]
[www.nutritionpersonalized.com/publications.html]
[nutritionpersonalized.com/uploads/3/6/5/3/3653129/2856512.jpg]
[www.nutritionpersonalized.com/uploads/3/6/5/3/3653129/header_images/1453436396.jpg]
[www.nutritionpersonalized.com/consultations.html]
[www.nutritionpersonalized.com/uploads/3/6/5/3/3653129/header_images/1453435001.jpg]
[www.nutritionpersonalized.com/contact.html]
[www.nutritionpersonalized.com/forum.html]
[assets.www3.dragndropbuilder.com/css/search_button.html]
[assets.www3.dragndropbuilder.com/css/search-input-bg.html]
[www2.dragndropbuilder.com/images/404background.jpg]
[www2.dragndropbuilder.com/images/404_textbox.png]
[www.nutritionpersonalized.com/files/theme/banner-splash-bg0523.html]
[www.nutritionpersonalized.com/files/theme/banner-splash0523.html]
[www.nutritionpersonalized.com/AppleWebKit/index.html]
[www.nutritionpersonalized.com/Mobile/index.html]
[www3.dragndropbuilder.com/editor/images/slideshow/control_icons.gif]
[www3.dragndropbuilder.com/editor/images/slideshow/header_slideshow_sprites.png]
[www3.dragndropbuilder.com/editor/images/slideshow/loading.gif]
[www3.dragndropbuilder.com/editor/images/slideshow/header_slideshow_sprites1x.png]
[www3.dragndropbuilder.com/editor/images/slideshow/slideshow8e4c.css]
[www3.dragndropbuilder.com/editor/libraries/slideshow-jqc33f.js]
[www.nutritionpersonalized.com/weebly/images/index.html]
[www.nutritionpersonalized.com/weebly/images/index.html]
